// Vitest Snapshot v1, https://vitest.dev/guide/snapshot.html

exports[`tagsPage > returns tasks due today grouped by page 1`] = `
"Tags

# Tagged "#tag1"

[ ] One tag from Page 1 #tag1
[ ] Multiple tags from Page 1 #tag1 #tag2
[ ] Tag from Page 1 with indent #tag1

# Tagged "#tag2"

[ ] Multiple tags from Page 1 #tag1 #tag2
[ ] One tag from Page 2 #tag2
[ ] Multiple tags from Page 2 #tag2 #tag3

# Tagged "#tag3"

[ ] Multiple tags from Page 2 #tag2 #tag3"
`;
