// Vitest Snapshot v1, https://vitest.dev/guide/snapshot.html

exports[`useTodayPage > returns tasks due today grouped by page 1`] = `
"Today

# Page 1

[ ] Overdue @2023-12-01
[ ] Due today @2024-01-01

# Page 2

[ ] Due today @2024-01-01
[x] Overdue but completed @2023-11-01
"
`;
